// Jest Snapshot v1, https://goo.gl/fbAQLP

exports[`<Display /> renders correctly 1`] = `
<View
  style={
    Object {
      "backgroundColor": "red",
      "borderWidth": 1,
      "paddingLeft": 12,
      "paddingRight": 12,
    }
  }
>
  <TextInput
    allowFontScaling={true}
    defaultValue=""
    multiline={true}
    onChangeText={[Function]}
    placeholder="Type to start coding!"
    rejectResponderTermination={true}
    style={
      Object {
        "backgroundColor": "#fff",
      }
    }
    textAlign="left"
    underlineColorAndroid="transparent"
  />
</View>
`;
